2025-09-11 07:01:44.010 -03:00 [INF] PKL Bridge Console Worker iniciando...
2025-09-11 07:01:44.051 -03:00 [INF] === Configuração PKL Bridge ===
2025-09-11 07:01:44.054 -03:00 [INF] Named Pipe: pkl_serial
2025-09-11 07:01:44.056 -03:00 [INF] COM Port Real: Não configurado
2025-09-11 07:01:44.056 -03:00 [INF] Bridge Hardware: Desabilitado
2025-09-11 07:01:44.058 -03:00 [INF] Log Todo Tráfego: Habilitado
2025-09-11 07:01:44.059 -03:00 [INF] Config Serial: 19200, 8, None, One
2025-09-11 07:01:44.061 -03:00 [INF] VIDA API: 
2025-09-11 07:01:44.062 -03:00 [INF] API Timeout: 30s
2025-09-11 07:01:44.063 -03:00 [INF] Tentativas Retry: 3
2025-09-11 07:01:44.064 -03:00 [INF] ===============================
2025-09-11 07:01:44.066 -03:00 [INF] Testando conexão VIDA API (modo mock)...
2025-09-11 07:01:44.093 -03:00 [INF] MOCK: API connection test successful
2025-09-11 07:01:44.095 -03:00 [INF] ✅ Teste de conexão VIDA API bem-sucedido
2025-09-11 07:01:44.096 -03:00 [INF] 🔍 Iniciando monitoramento paralelo da COM2 para detectar dados do HLAB...
2025-09-11 07:01:44.201 -03:00 [INF] 🔍 Iniciando monitoramento da porta COM2...
2025-09-11 07:01:44.207 -03:00 [INF] ✅ Monitoramento da porta COM2 iniciado com sucesso!
2025-09-11 07:01:44.208 -03:00 [INF] 📡 Aguardando dados na COM2 (19200, 8, N, 1)...
2025-09-11 07:01:44.210 -03:00 [INF] ✅ Monitoramento da COM2 iniciado - dados detectados serão alertados no console
2025-09-11 07:01:44.211 -03:00 [INF] PKL Bridge Console Worker executando...
2025-09-11 07:01:44.213 -03:00 [INF] Starting PKL Serial Bridge
2025-09-11 07:01:44.214 -03:00 [INF] Starting Named Pipe Server with pipe name: pkl_serial
2025-09-11 07:01:44.240 -03:00 [INF] Waiting for client connection on pipe: pkl_serial
2025-09-11 07:01:44.241 -03:00 [INF] Named Pipe Server started successfully
2025-09-11 07:01:44.242 -03:00 [INF] PKL Serial Bridge started successfully
2025-09-11 07:01:44.255 -03:00 [INF] 💚 Health Check - Bridge: Rodando, Memória: 1MB, Uptime: 0.0min
2025-09-11 07:01:44.260 -03:00 [INF] Application started. Press Ctrl+C to shut down.
2025-09-11 07:01:44.260 -03:00 [INF] Hosting environment: Production
2025-09-11 07:01:44.261 -03:00 [INF] Content root path: E:\Projetos\Andrey\Projetos\InterfacePKL
2025-09-11 07:03:44.258 -03:00 [INF] 💚 Health Check - Bridge: Rodando, Memória: 1MB, Uptime: 2.0min
2025-09-11 07:05:44.260 -03:00 [INF] 💚 Health Check - Bridge: Rodando, Memória: 1MB, Uptime: 4.0min
2025-09-11 07:07:44.264 -03:00 [INF] 💚 Health Check - Bridge: Rodando, Memória: 1MB, Uptime: 6.0min
2025-09-11 07:09:44.267 -03:00 [INF] 💚 Health Check - Bridge: Rodando, Memória: 1MB, Uptime: 8.0min
2025-09-11 07:11:44.270 -03:00 [INF] 💚 Health Check - Bridge: Rodando, Memória: 1MB, Uptime: 10.0min
2025-09-11 07:13:44.272 -03:00 [INF] 💚 Health Check - Bridge: Rodando, Memória: 1MB, Uptime: 12.0min
2025-09-11 07:15:44.275 -03:00 [INF] 💚 Health Check - Bridge: Rodando, Memória: 1MB, Uptime: 14.0min
2025-09-11 07:17:44.277 -03:00 [INF] 💚 Health Check - Bridge: Rodando, Memória: 1MB, Uptime: 16.0min
2025-09-11 07:19:44.280 -03:00 [INF] 💚 Health Check - Bridge: Rodando, Memória: 1MB, Uptime: 18.0min
2025-09-11 07:21:44.284 -03:00 [INF] 💚 Health Check - Bridge: Rodando, Memória: 1MB, Uptime: 20.0min
2025-09-11 07:23:44.286 -03:00 [INF] 💚 Health Check - Bridge: Rodando, Memória: 1MB, Uptime: 22.0min
2025-09-11 07:25:44.289 -03:00 [INF] 💚 Health Check - Bridge: Rodando, Memória: 1MB, Uptime: 24.0min
2025-09-11 07:27:44.292 -03:00 [INF] 💚 Health Check - Bridge: Rodando, Memória: 1MB, Uptime: 26.0min
2025-09-11 07:29:44.296 -03:00 [INF] 💚 Health Check - Bridge: Rodando, Memória: 1MB, Uptime: 28.0min
2025-09-11 07:31:44.299 -03:00 [INF] 💚 Health Check - Bridge: Rodando, Memória: 1MB, Uptime: 30.0min
2025-09-11 07:33:44.301 -03:00 [INF] 💚 Health Check - Bridge: Rodando, Memória: 1MB, Uptime: 32.0min
2025-09-11 07:35:44.303 -03:00 [INF] 💚 Health Check - Bridge: Rodando, Memória: 1MB, Uptime: 34.0min
2025-09-11 07:37:44.305 -03:00 [INF] 💚 Health Check - Bridge: Rodando, Memória: 1MB, Uptime: 36.0min
2025-09-11 07:39:44.309 -03:00 [INF] 💚 Health Check - Bridge: Rodando, Memória: 0MB, Uptime: 38.0min
2025-09-11 07:41:44.312 -03:00 [INF] 💚 Health Check - Bridge: Rodando, Memória: 0MB, Uptime: 40.0min
2025-09-11 07:43:44.315 -03:00 [INF] 💚 Health Check - Bridge: Rodando, Memória: 0MB, Uptime: 42.0min
2025-09-11 07:45:44.318 -03:00 [INF] 💚 Health Check - Bridge: Rodando, Memória: 0MB, Uptime: 44.0min
2025-09-11 07:47:44.321 -03:00 [INF] 💚 Health Check - Bridge: Rodando, Memória: 0MB, Uptime: 46.0min
2025-09-11 07:49:44.322 -03:00 [INF] 💚 Health Check - Bridge: Rodando, Memória: 0MB, Uptime: 48.0min
2025-09-11 07:51:44.324 -03:00 [INF] 💚 Health Check - Bridge: Rodando, Memória: 1MB, Uptime: 50.0min
2025-09-11 07:53:44.327 -03:00 [INF] 💚 Health Check - Bridge: Rodando, Memória: 1MB, Uptime: 52.0min
2025-09-11 07:55:44.329 -03:00 [INF] 💚 Health Check - Bridge: Rodando, Memória: 1MB, Uptime: 54.0min
2025-09-11 07:57:44.334 -03:00 [INF] 💚 Health Check - Bridge: Rodando, Memória: 1MB, Uptime: 56.0min
2025-09-11 07:59:44.338 -03:00 [INF] 💚 Health Check - Bridge: Rodando, Memória: 1MB, Uptime: 58.0min
2025-09-11 08:01:44.341 -03:00 [INF] 💚 Health Check - Bridge: Rodando, Memória: 1MB, Uptime: 60.0min
2025-09-11 08:03:44.344 -03:00 [INF] 💚 Health Check - Bridge: Rodando, Memória: 1MB, Uptime: 62.0min
2025-09-11 08:05:44.346 -03:00 [INF] 💚 Health Check - Bridge: Rodando, Memória: 1MB, Uptime: 64.0min
2025-09-11 08:07:44.349 -03:00 [INF] 💚 Health Check - Bridge: Rodando, Memória: 1MB, Uptime: 66.0min
2025-09-11 08:09:44.351 -03:00 [INF] 💚 Health Check - Bridge: Rodando, Memória: 1MB, Uptime: 68.0min
2025-09-11 08:11:44.353 -03:00 [INF] 💚 Health Check - Bridge: Rodando, Memória: 1MB, Uptime: 70.0min
2025-09-11 08:13:44.356 -03:00 [INF] 💚 Health Check - Bridge: Rodando, Memória: 1MB, Uptime: 72.0min
2025-09-11 08:15:44.358 -03:00 [INF] 💚 Health Check - Bridge: Rodando, Memória: 1MB, Uptime: 74.0min
2025-09-11 08:17:44.360 -03:00 [INF] 💚 Health Check - Bridge: Rodando, Memória: 0MB, Uptime: 76.0min
2025-09-11 08:19:44.363 -03:00 [INF] 💚 Health Check - Bridge: Rodando, Memória: 0MB, Uptime: 78.0min
2025-09-11 08:21:44.365 -03:00 [INF] 💚 Health Check - Bridge: Rodando, Memória: 0MB, Uptime: 80.0min
2025-09-11 08:23:44.368 -03:00 [INF] 💚 Health Check - Bridge: Rodando, Memória: 0MB, Uptime: 82.0min
2025-09-11 08:25:44.370 -03:00 [INF] 💚 Health Check - Bridge: Rodando, Memória: 0MB, Uptime: 84.0min
2025-09-11 08:27:44.372 -03:00 [INF] 💚 Health Check - Bridge: Rodando, Memória: 0MB, Uptime: 86.0min
2025-09-11 08:29:44.374 -03:00 [INF] 💚 Health Check - Bridge: Rodando, Memória: 1MB, Uptime: 88.0min
2025-09-11 08:31:44.376 -03:00 [INF] 💚 Health Check - Bridge: Rodando, Memória: 1MB, Uptime: 90.0min
2025-09-11 08:33:44.376 -03:00 [INF] 💚 Health Check - Bridge: Rodando, Memória: 1MB, Uptime: 92.0min
2025-09-11 08:35:44.379 -03:00 [INF] 💚 Health Check - Bridge: Rodando, Memória: 1MB, Uptime: 94.0min
2025-09-11 08:37:44.382 -03:00 [INF] 💚 Health Check - Bridge: Rodando, Memória: 1MB, Uptime: 96.0min
2025-09-11 08:39:44.384 -03:00 [INF] 💚 Health Check - Bridge: Rodando, Memória: 1MB, Uptime: 98.0min
2025-09-11 08:41:44.385 -03:00 [INF] 💚 Health Check - Bridge: Rodando, Memória: 1MB, Uptime: 100.0min
2025-09-11 08:43:44.388 -03:00 [INF] 💚 Health Check - Bridge: Rodando, Memória: 1MB, Uptime: 102.0min
2025-09-11 08:45:44.390 -03:00 [INF] 💚 Health Check - Bridge: Rodando, Memória: 1MB, Uptime: 104.0min
2025-09-11 08:47:44.394 -03:00 [INF] 💚 Health Check - Bridge: Rodando, Memória: 1MB, Uptime: 106.0min
2025-09-11 08:49:44.396 -03:00 [INF] 💚 Health Check - Bridge: Rodando, Memória: 1MB, Uptime: 108.0min
2025-09-11 08:51:44.398 -03:00 [INF] 💚 Health Check - Bridge: Rodando, Memória: 1MB, Uptime: 110.0min
2025-09-11 08:53:44.400 -03:00 [INF] 💚 Health Check - Bridge: Rodando, Memória: 1MB, Uptime: 112.0min
2025-09-11 08:55:44.403 -03:00 [INF] 💚 Health Check - Bridge: Rodando, Memória: 0MB, Uptime: 114.0min
2025-09-11 08:57:44.405 -03:00 [INF] 💚 Health Check - Bridge: Rodando, Memória: 0MB, Uptime: 116.0min
2025-09-11 08:59:44.407 -03:00 [INF] 💚 Health Check - Bridge: Rodando, Memória: 0MB, Uptime: 118.0min
2025-09-11 09:01:44.409 -03:00 [INF] 💚 Health Check - Bridge: Rodando, Memória: 0MB, Uptime: 120.0min
2025-09-11 09:03:44.413 -03:00 [INF] 💚 Health Check - Bridge: Rodando, Memória: 0MB, Uptime: 122.0min
2025-09-11 09:05:44.416 -03:00 [INF] 💚 Health Check - Bridge: Rodando, Memória: 1MB, Uptime: 124.0min
2025-09-11 09:07:44.419 -03:00 [INF] 💚 Health Check - Bridge: Rodando, Memória: 1MB, Uptime: 126.0min
2025-09-11 09:09:44.422 -03:00 [INF] 💚 Health Check - Bridge: Rodando, Memória: 1MB, Uptime: 128.0min
2025-09-11 09:11:44.424 -03:00 [INF] 💚 Health Check - Bridge: Rodando, Memória: 1MB, Uptime: 130.0min
2025-09-11 09:13:44.425 -03:00 [INF] 💚 Health Check - Bridge: Rodando, Memória: 1MB, Uptime: 132.0min
2025-09-11 09:15:44.428 -03:00 [INF] 💚 Health Check - Bridge: Rodando, Memória: 1MB, Uptime: 134.0min
2025-09-11 09:17:44.428 -03:00 [INF] 💚 Health Check - Bridge: Rodando, Memória: 1MB, Uptime: 136.0min
