2025-10-15 06:35:50.988 -03:00 [INF] PKL Bridge Console Worker iniciando...
2025-10-15 06:35:51.032 -03:00 [INF] === Configuração PKL Bridge ===
2025-10-15 06:35:51.035 -03:00 [INF] Named Pipe: pkl_serial
2025-10-15 06:35:51.037 -03:00 [INF] COM Port Real: Não configurado
2025-10-15 06:35:51.039 -03:00 [INF] Bridge Hardware: Desabilitado
2025-10-15 06:35:51.040 -03:00 [INF] Log Todo Tráfego: Habilitado
2025-10-15 06:35:51.042 -03:00 [INF] Config Serial: 19200, 8, None, One
2025-10-15 06:35:51.045 -03:00 [INF] VIDA API: 
2025-10-15 06:35:51.046 -03:00 [INF] API Timeout: 30s
2025-10-15 06:35:51.048 -03:00 [INF] Tentativas Retry: 3
2025-10-15 06:35:51.049 -03:00 [INF] ===============================
2025-10-15 06:35:51.063 -03:00 [INF] Testando conexão VIDA API (modo mock)...
2025-10-15 06:35:51.092 -03:00 [INF] MOCK: API connection test successful
2025-10-15 06:35:51.098 -03:00 [INF] ✅ Teste de conexão VIDA API bem-sucedido
2025-10-15 06:35:51.100 -03:00 [INF] 🔍 Iniciando monitoramento paralelo da COM2 para detectar dados do HLAB...
2025-10-15 06:35:51.104 -03:00 [INF] 🔍 Iniciando monitoramento da porta COM2...
2025-10-15 06:35:51.113 -03:00 [INF] ✅ Monitoramento da porta COM2 iniciado com sucesso!
2025-10-15 06:35:51.115 -03:00 [INF] 📡 Aguardando dados na COM2 (19200, 8, N, 1)...
2025-10-15 06:35:51.117 -03:00 [INF] ✅ Monitoramento da COM2 iniciado - dados detectados serão alertados no console
2025-10-15 06:35:51.119 -03:00 [INF] PKL Bridge Console Worker executando...
2025-10-15 06:35:51.122 -03:00 [INF] Starting PKL Serial Bridge
2025-10-15 06:35:51.123 -03:00 [INF] Starting Named Pipe Server with pipe name: pkl_serial
2025-10-15 06:35:51.160 -03:00 [INF] Waiting for client connection on pipe: pkl_serial
2025-10-15 06:35:51.173 -03:00 [INF] Named Pipe Server started successfully
2025-10-15 06:35:51.211 -03:00 [INF] PKL Serial Bridge started successfully
2025-10-15 06:35:51.234 -03:00 [INF] 💚 Health Check - Bridge: Rodando, Memória: 1MB, Uptime: 0.0min
2025-10-15 06:35:51.247 -03:00 [INF] Application started. Press Ctrl+C to shut down.
2025-10-15 06:35:51.267 -03:00 [INF] Hosting environment: Production
2025-10-15 06:35:51.269 -03:00 [INF] Content root path: E:\Projetos\Andrey\Projetos\InterfacePKL
2025-10-15 06:36:09.732 -03:00 [INF] 🧪 Simulando exame de urina completo para paciente URINA001
2025-10-15 06:36:09.735 -03:00 [INF] 🔍 Solicitando exames para paciente URINA001
2025-10-15 06:36:09.787 -03:00 [INF] MOCK: Getting patient URINA001
2025-10-15 06:36:09.789 -03:00 [INF] ✅ Paciente encontrado: João Silva
2025-10-15 06:36:09.843 -03:00 [INF] MOCK: Getting orders for patient URINA001
2025-10-15 06:36:09.845 -03:00 [INF] 📋 Encontrados 1 pedidos de exames
2025-10-15 06:36:09.848 -03:00 [INF] 📤 Enviando pedido ORD_URINA001_001 para equipamento
2025-10-15 06:36:09.850 -03:00 [INF] 🧪 Testes solicitados: PROTEIN, GLUCOSE, KETONES, BLOOD, NITRITE, LEUKOCYTES, SG, PH
2025-10-15 06:36:09.901 -03:00 [INF] MOCK: Getting patient URINA001
2025-10-15 06:36:09.904 -03:00 [INF] Construindo mensagem ASTM de solicitação para paciente URINA001
2025-10-15 06:36:09.925 -03:00 [INF] Mensagem ASTM construída com 13 frames, total 756 bytes
2025-10-15 06:36:09.927 -03:00 [INF] 📄 Mensagem ASTM construída: 756 bytes
2025-10-15 06:36:10.081 -03:00 [INF] MOCK: Updating order ORD_URINA001_001 status to SENT_TO_EQUIPMENT
2025-10-15 06:36:10.084 -03:00 [INF] ✅ Pedido ORD_URINA001_001 enviado com sucesso em 236.4183ms
2025-10-15 06:36:10.087 -03:00 [INF] ✅ Pedido ORD_URINA001_001 enviado com sucesso
2025-10-15 06:36:10.088 -03:00 [INF] 📊 Processamento concluído: 1/1 pedidos enviados em 353.4248ms
2025-10-15 06:36:10.090 -03:00 [INF] ✅ Solicitação enviada, aguardando resultados simulados...
2025-10-15 06:36:12.094 -03:00 [INF] 🔬 Simulando recebimento de 10 resultados
2025-10-15 06:36:12.097 -03:00 [INF] 🔬 Processando 10 resultados de exames
2025-10-15 06:36:12.100 -03:00 [INF] 👤 Processando 10 resultados para paciente URINA001
2025-10-15 06:36:12.154 -03:00 [INF] MOCK: Getting patient URINA001
2025-10-15 06:36:12.262 -03:00 [INF] MOCK: Sending batch 8239fae0-1150-4855-8e20-e992c745e323 with 10 results
2025-10-15 06:36:12.264 -03:00 [INF] MOCK: Result - Patient: URINA001, Test: PROTEIN = 1+ 
2025-10-15 06:36:12.265 -03:00 [INF] MOCK: Result - Patient: URINA001, Test: GLUCOSE = 3+ 
2025-10-15 06:36:12.267 -03:00 [INF] MOCK: Result - Patient: URINA001, Test: KETONES = Pequeno 
2025-10-15 06:36:12.268 -03:00 [INF] MOCK: Result - Patient: URINA001, Test: BLOOD = 1+ 
2025-10-15 06:36:12.271 -03:00 [INF] MOCK: Result - Patient: URINA001, Test: NITRITE = Negativo 
2025-10-15 06:36:12.272 -03:00 [INF] MOCK: Result - Patient: URINA001, Test: LEUKOCYTES = 2+ 
2025-10-15 06:36:12.274 -03:00 [INF] MOCK: Result - Patient: URINA001, Test: SG = 1.010 
2025-10-15 06:36:12.275 -03:00 [INF] MOCK: Result - Patient: URINA001, Test: PH = 5.0 
2025-10-15 06:36:12.277 -03:00 [INF] MOCK: Result - Patient: URINA001, Test: UROBILINOGEN = 1.0 mg/dL
2025-10-15 06:36:12.278 -03:00 [INF] MOCK: Result - Patient: URINA001, Test: BILIRUBIN = 2+ 
2025-10-15 06:36:12.280 -03:00 [INF] Successfully processed batch 8239fae0-1150-4855-8e20-e992c745e323 in 120.4032ms
2025-10-15 06:36:12.281 -03:00 [INF] ✅ Batch 8239fae0-1150-4855-8e20-e992c745e323 processado com sucesso
2025-10-15 06:36:12.282 -03:00 [INF] 📊 Processamento de resultados concluído em 184.5583ms
2025-10-15 06:36:12.283 -03:00 [INF] 🎉 Simulação de exame de urina concluída com sucesso em 2550.3828ms
2025-10-15 06:36:12.284 -03:00 [INF] === RESULTADOS DO EXAME DE URINA ===
2025-10-15 06:36:12.286 -03:00 [INF] ✅ Bilirrubina: 2+  (Ref: Negativo)
2025-10-15 06:36:12.288 -03:00 [INF] ⚠️ Sangue: 1+  (Ref: Negativo)
2025-10-15 06:36:12.289 -03:00 [INF] ⚠️ Glicose: 3+  (Ref: Negativo)
2025-10-15 06:36:12.291 -03:00 [INF] ⚠️ Cetonas: Pequeno  (Ref: Negativo)
2025-10-15 06:36:12.292 -03:00 [INF] ⚠️ Leucócitos: 2+  (Ref: Negativo)
2025-10-15 06:36:12.294 -03:00 [INF] ✅ Nitrito: Negativo  (Ref: Negativo)
2025-10-15 06:36:12.295 -03:00 [INF] ✅ pH: 5.0  (Ref: 4.6-8.0)
2025-10-15 06:36:12.297 -03:00 [INF] ⚠️ Proteína: 1+  (Ref: Negativo)
2025-10-15 06:36:12.298 -03:00 [INF] ✅ Densidade Específica: 1.010  (Ref: 1.003-1.030)
2025-10-15 06:36:12.300 -03:00 [INF] ✅ Urobilinogênio: 1.0 mg/dL (Ref: 0.2-1.0)
2025-10-15 06:36:12.302 -03:00 [INF] =====================================
2025-10-15 06:36:22.187 -03:00 [INF] Application is shutting down...
2025-10-15 06:36:22.189 -03:00 [INF] PKL Bridge Console Worker parando...
2025-10-15 06:36:22.190 -03:00 [INF] Stopping PKL Serial Bridge
2025-10-15 06:36:22.192 -03:00 [INF] Stopping Named Pipe Server
2025-10-15 06:36:22.195 -03:00 [INF] Named pipe server operation cancelled
2025-10-15 06:36:22.196 -03:00 [INF] Named Pipe Server stopped
2025-10-15 06:36:22.197 -03:00 [WRN] Serial port is not initialized
2025-10-15 06:36:22.198 -03:00 [INF] PKL Serial Bridge stopped successfully
2025-10-15 06:36:22.200 -03:00 [INF] PKL Bridge Console Worker cancelado
2025-10-15 06:36:22.202 -03:00 [INF] PKL Bridge Console Worker parou
2025-10-15 06:47:19.936 -03:00 [INF] PKL Bridge Console Worker iniciando...
2025-10-15 06:47:19.967 -03:00 [INF] === Configuração PKL Bridge ===
2025-10-15 06:47:19.968 -03:00 [INF] Named Pipe: pkl_serial
2025-10-15 06:47:19.970 -03:00 [INF] COM Port Real: Não configurado
2025-10-15 06:47:19.971 -03:00 [INF] Bridge Hardware: Desabilitado
2025-10-15 06:47:19.972 -03:00 [INF] Log Todo Tráfego: Habilitado
2025-10-15 06:47:19.973 -03:00 [INF] Config Serial: 19200, 8, None, One
2025-10-15 06:47:19.976 -03:00 [INF] VIDA API: 
2025-10-15 06:47:19.978 -03:00 [INF] API Timeout: 30s
2025-10-15 06:47:19.979 -03:00 [INF] Tentativas Retry: 3
2025-10-15 06:47:19.980 -03:00 [INF] ===============================
2025-10-15 06:47:19.982 -03:00 [INF] Testando conexão VIDA API (modo mock)...
2025-10-15 06:47:20.012 -03:00 [INF] MOCK: API connection test successful
2025-10-15 06:47:20.013 -03:00 [INF] ✅ Teste de conexão VIDA API bem-sucedido
2025-10-15 06:47:20.015 -03:00 [INF] 🔍 Iniciando monitoramento paralelo da COM2 para detectar dados do HLAB...
2025-10-15 06:47:20.019 -03:00 [INF] 🔍 Iniciando monitoramento da porta COM2...
2025-10-15 06:47:20.027 -03:00 [INF] ✅ Monitoramento da porta COM2 iniciado com sucesso!
2025-10-15 06:47:20.029 -03:00 [INF] 📡 Aguardando dados na COM2 (19200, 8, N, 1)...
2025-10-15 06:47:20.031 -03:00 [INF] ✅ Monitoramento da COM2 iniciado - dados detectados serão alertados no console
2025-10-15 06:47:20.033 -03:00 [INF] PKL Bridge Console Worker executando...
2025-10-15 06:47:20.034 -03:00 [INF] Starting PKL Serial Bridge
2025-10-15 06:47:20.036 -03:00 [INF] Starting Named Pipe Server with pipe name: pkl_serial
2025-10-15 06:47:20.039 -03:00 [INF] Waiting for client connection on pipe: pkl_serial
2025-10-15 06:47:20.041 -03:00 [INF] Named Pipe Server started successfully
2025-10-15 06:47:20.042 -03:00 [INF] PKL Serial Bridge started successfully
2025-10-15 06:47:20.047 -03:00 [INF] 💚 Health Check - Bridge: Rodando, Memória: 1MB, Uptime: 0.0min
2025-10-15 06:47:20.055 -03:00 [INF] Application started. Press Ctrl+C to shut down.
2025-10-15 06:47:20.056 -03:00 [INF] Hosting environment: Production
2025-10-15 06:47:20.056 -03:00 [INF] Content root path: E:\Projetos\Andrey\Projetos\InterfacePKL
2025-10-15 06:47:34.011 -03:00 [INF] Application is shutting down...
2025-10-15 06:47:34.014 -03:00 [INF] PKL Bridge Console Worker parando...
2025-10-15 06:47:34.016 -03:00 [INF] Stopping PKL Serial Bridge
2025-10-15 06:47:34.018 -03:00 [INF] Stopping Named Pipe Server
2025-10-15 06:47:34.021 -03:00 [INF] Named pipe server operation cancelled
2025-10-15 06:47:34.022 -03:00 [INF] Named Pipe Server stopped
2025-10-15 06:47:34.024 -03:00 [WRN] Serial port is not initialized
2025-10-15 06:47:34.025 -03:00 [INF] PKL Serial Bridge stopped successfully
2025-10-15 06:47:34.026 -03:00 [INF] PKL Bridge Console Worker cancelado
2025-10-15 06:47:34.028 -03:00 [INF] PKL Bridge Console Worker parou
