2025-07-22 06:06:33.403 -03:00 [INF] PKL Bridge Console Worker iniciando...
2025-07-22 06:06:33.440 -03:00 [INF] === Configuração PKL Bridge ===
2025-07-22 06:06:33.443 -03:00 [INF] Named Pipe: pkl_serial
2025-07-22 06:06:33.445 -03:00 [INF] COM Port Real: COM2
2025-07-22 06:06:33.447 -03:00 [INF] Bridge Hardware: Desabilitado
2025-07-22 06:06:33.448 -03:00 [INF] Log Todo Tráfego: Habilitado
2025-07-22 06:06:33.449 -03:00 [INF] Config Serial: 19200, 8, None, One
2025-07-22 06:06:33.452 -03:00 [INF] VIDA API: https://localhost:5000/api
2025-07-22 06:06:33.454 -03:00 [INF] API Timeout: 30s
2025-07-22 06:06:33.455 -03:00 [INF] Tentativas Retry: 3
2025-07-22 06:06:33.456 -03:00 [INF] ===============================
2025-07-22 06:06:33.458 -03:00 [INF] Testando conexão VIDA API (modo mock)...
2025-07-22 06:06:33.485 -03:00 [INF] MOCK: API connection test successful
2025-07-22 06:06:33.487 -03:00 [INF] ✅ Teste de conexão VIDA API bem-sucedido
2025-07-22 06:06:33.489 -03:00 [INF] PKL Bridge Console Worker executando...
2025-07-22 06:06:33.491 -03:00 [INF] Starting PKL Serial Bridge
2025-07-22 06:06:33.492 -03:00 [INF] Starting Named Pipe Server with pipe name: pkl_serial
2025-07-22 06:06:33.503 -03:00 [INF] Waiting for client connection on pipe: pkl_serial
2025-07-22 06:06:33.505 -03:00 [INF] Named Pipe Server started successfully
2025-07-22 06:06:33.507 -03:00 [INF] PKL Serial Bridge started successfully
2025-07-22 06:06:33.522 -03:00 [INF] 💚 Health Check - Bridge: Rodando, Memória: 1MB, Uptime: 0.0min
2025-07-22 06:06:33.528 -03:00 [INF] Application started. Press Ctrl+C to shut down.
2025-07-22 06:06:33.530 -03:00 [INF] Hosting environment: Production
2025-07-22 06:06:33.531 -03:00 [INF] Content root path: C:\Projetos\Andrey\Projetos\InterfacePKL\PklBridge.ConsoleApp
2025-07-22 07:50:52.834 -03:00 [INF] PKL Bridge Console Worker iniciando...
2025-07-22 07:50:52.870 -03:00 [INF] === Configuração PKL Bridge ===
2025-07-22 07:50:52.873 -03:00 [INF] Named Pipe: pkl_serial
2025-07-22 07:50:52.876 -03:00 [INF] COM Port Real: COM2
2025-07-22 07:50:52.877 -03:00 [INF] Bridge Hardware: Desabilitado
2025-07-22 07:50:52.879 -03:00 [INF] Log Todo Tráfego: Habilitado
2025-07-22 07:50:52.880 -03:00 [INF] Config Serial: 19200, 8, None, One
2025-07-22 07:50:52.884 -03:00 [INF] VIDA API: https://localhost:5000/api
2025-07-22 07:50:52.885 -03:00 [INF] API Timeout: 30s
2025-07-22 07:50:52.886 -03:00 [INF] Tentativas Retry: 3
2025-07-22 07:50:52.888 -03:00 [INF] ===============================
2025-07-22 07:50:52.890 -03:00 [INF] Testando conexão VIDA API (modo mock)...
2025-07-22 07:50:52.920 -03:00 [INF] MOCK: API connection test successful
2025-07-22 07:50:52.923 -03:00 [INF] ✅ Teste de conexão VIDA API bem-sucedido
2025-07-22 07:50:52.925 -03:00 [INF] 🔍 Iniciando monitoramento paralelo da COM2 para detectar dados do HLAB...
2025-07-22 07:50:52.933 -03:00 [INF] 🔍 Iniciando monitoramento da porta COM2...
2025-07-22 07:50:52.946 -03:00 [INF] ✅ Monitoramento da porta COM2 iniciado com sucesso!
2025-07-22 07:50:52.948 -03:00 [INF] 📡 Aguardando dados na COM2 (19200, 8, N, 1)...
2025-07-22 07:50:52.950 -03:00 [INF] ✅ Monitoramento da COM2 iniciado - dados detectados serão alertados no console
2025-07-22 07:50:52.952 -03:00 [INF] PKL Bridge Console Worker executando...
2025-07-22 07:50:52.954 -03:00 [INF] Starting PKL Serial Bridge
2025-07-22 07:50:52.957 -03:00 [INF] Starting Named Pipe Server with pipe name: pkl_serial
2025-07-22 07:50:52.961 -03:00 [INF] Waiting for client connection on pipe: pkl_serial
2025-07-22 07:50:52.963 -03:00 [INF] Named Pipe Server started successfully
2025-07-22 07:50:52.964 -03:00 [INF] PKL Serial Bridge started successfully
2025-07-22 07:50:52.967 -03:00 [INF] 💚 Health Check - Bridge: Rodando, Memória: 1MB, Uptime: 0.0min
2025-07-22 07:50:52.974 -03:00 [INF] Application started. Press Ctrl+C to shut down.
2025-07-22 07:50:52.975 -03:00 [INF] Hosting environment: Production
2025-07-22 07:50:52.976 -03:00 [INF] Content root path: C:\Projetos\Andrey\Projetos\InterfacePKL\PklBridge.ConsoleApp
2025-07-22 07:51:42.180 -03:00 [INF] PKL Bridge Console Worker iniciando...
2025-07-22 07:51:42.208 -03:00 [INF] === Configuração PKL Bridge ===
2025-07-22 07:51:42.210 -03:00 [INF] Named Pipe: pkl_serial
2025-07-22 07:51:42.212 -03:00 [INF] COM Port Real: COM2
2025-07-22 07:51:42.213 -03:00 [INF] Bridge Hardware: Desabilitado
2025-07-22 07:51:42.214 -03:00 [INF] Log Todo Tráfego: Habilitado
2025-07-22 07:51:42.215 -03:00 [INF] Config Serial: 19200, 8, None, One
2025-07-22 07:51:42.217 -03:00 [INF] VIDA API: https://localhost:5000/api
2025-07-22 07:51:42.218 -03:00 [INF] API Timeout: 30s
2025-07-22 07:51:42.219 -03:00 [INF] Tentativas Retry: 3
2025-07-22 07:51:42.220 -03:00 [INF] ===============================
2025-07-22 07:51:42.221 -03:00 [INF] Testando conexão VIDA API (modo mock)...
2025-07-22 07:51:42.249 -03:00 [INF] MOCK: API connection test successful
2025-07-22 07:51:42.251 -03:00 [INF] ✅ Teste de conexão VIDA API bem-sucedido
2025-07-22 07:51:42.252 -03:00 [INF] 🔍 Iniciando monitoramento paralelo da COM2 para detectar dados do HLAB...
2025-07-22 07:51:42.254 -03:00 [INF] 🔍 Iniciando monitoramento da porta COM2...
2025-07-22 07:51:42.258 -03:00 [INF] ✅ Monitoramento da porta COM2 iniciado com sucesso!
2025-07-22 07:51:42.260 -03:00 [INF] 📡 Aguardando dados na COM2 (19200, 8, N, 1)...
2025-07-22 07:51:42.261 -03:00 [INF] ✅ Monitoramento da COM2 iniciado - dados detectados serão alertados no console
2025-07-22 07:51:42.262 -03:00 [INF] PKL Bridge Console Worker executando...
2025-07-22 07:51:42.264 -03:00 [INF] Starting PKL Serial Bridge
2025-07-22 07:51:42.265 -03:00 [INF] Starting Named Pipe Server with pipe name: pkl_serial
2025-07-22 07:51:42.268 -03:00 [INF] Waiting for client connection on pipe: pkl_serial
2025-07-22 07:51:42.269 -03:00 [INF] Named Pipe Server started successfully
2025-07-22 07:51:42.270 -03:00 [INF] PKL Serial Bridge started successfully
2025-07-22 07:51:42.274 -03:00 [INF] 💚 Health Check - Bridge: Rodando, Memória: 1MB, Uptime: 0.0min
2025-07-22 07:51:42.279 -03:00 [INF] Application started. Press Ctrl+C to shut down.
2025-07-22 07:51:42.280 -03:00 [INF] Hosting environment: Production
2025-07-22 07:51:42.281 -03:00 [INF] Content root path: C:\Projetos\Andrey\Projetos\InterfacePKL\PklBridge.ConsoleApp
2025-07-22 08:24:40.469 -03:00 [INF] PKL Bridge Console Worker iniciando...
2025-07-22 08:24:40.502 -03:00 [INF] === Configuração PKL Bridge ===
2025-07-22 08:24:40.505 -03:00 [INF] Named Pipe: pkl_serial
2025-07-22 08:24:40.507 -03:00 [INF] COM Port Real: COM2
2025-07-22 08:24:40.508 -03:00 [INF] Bridge Hardware: Desabilitado
2025-07-22 08:24:40.509 -03:00 [INF] Log Todo Tráfego: Habilitado
2025-07-22 08:24:40.510 -03:00 [INF] Config Serial: 19200, 8, None, One
2025-07-22 08:24:40.513 -03:00 [INF] VIDA API: https://localhost:5000/api
2025-07-22 08:24:40.515 -03:00 [INF] API Timeout: 30s
2025-07-22 08:24:40.516 -03:00 [INF] Tentativas Retry: 3
2025-07-22 08:24:40.517 -03:00 [INF] ===============================
2025-07-22 08:24:40.519 -03:00 [INF] Testando conexão VIDA API (modo mock)...
2025-07-22 08:24:40.547 -03:00 [INF] MOCK: API connection test successful
2025-07-22 08:24:40.549 -03:00 [INF] ✅ Teste de conexão VIDA API bem-sucedido
2025-07-22 08:24:40.551 -03:00 [INF] 🔍 Iniciando monitoramento paralelo da COM2 para detectar dados do HLAB...
2025-07-22 08:24:40.553 -03:00 [INF] 🔍 Iniciando monitoramento da porta COM2...
2025-07-22 08:24:40.559 -03:00 [INF] ✅ Monitoramento da porta COM2 iniciado com sucesso!
2025-07-22 08:24:40.561 -03:00 [INF] 📡 Aguardando dados na COM2 (19200, 8, N, 1)...
2025-07-22 08:24:40.562 -03:00 [INF] ✅ Monitoramento da COM2 iniciado - dados detectados serão alertados no console
2025-07-22 08:24:40.565 -03:00 [INF] PKL Bridge Console Worker executando...
2025-07-22 08:24:40.567 -03:00 [INF] Starting PKL Serial Bridge
2025-07-22 08:24:40.569 -03:00 [INF] Starting Named Pipe Server with pipe name: pkl_serial
2025-07-22 08:24:40.573 -03:00 [INF] Waiting for client connection on pipe: pkl_serial
2025-07-22 08:24:40.575 -03:00 [INF] Named Pipe Server started successfully
2025-07-22 08:24:40.577 -03:00 [INF] PKL Serial Bridge started successfully
2025-07-22 08:24:40.581 -03:00 [INF] 💚 Health Check - Bridge: Rodando, Memória: 1MB, Uptime: 0.0min
2025-07-22 08:24:40.587 -03:00 [INF] Application started. Press Ctrl+C to shut down.
2025-07-22 08:24:40.588 -03:00 [INF] Hosting environment: Production
2025-07-22 08:24:40.589 -03:00 [INF] Content root path: C:\Projetos\Andrey\Projetos\InterfacePKL\PklBridge.ConsoleApp
2025-07-22 08:43:18.999 -03:00 [INF] PKL Bridge Console Worker iniciando...
2025-07-22 08:43:19.035 -03:00 [INF] === Configuração PKL Bridge ===
2025-07-22 08:43:19.038 -03:00 [INF] Named Pipe: pkl_serial
2025-07-22 08:43:19.041 -03:00 [INF] COM Port Real: COM2
2025-07-22 08:43:19.042 -03:00 [INF] Bridge Hardware: Desabilitado
2025-07-22 08:43:19.044 -03:00 [INF] Log Todo Tráfego: Habilitado
2025-07-22 08:43:19.045 -03:00 [INF] Config Serial: 19200, 8, None, One
2025-07-22 08:43:19.049 -03:00 [INF] VIDA API: https://localhost:5000/api
2025-07-22 08:43:19.051 -03:00 [INF] API Timeout: 30s
2025-07-22 08:43:19.052 -03:00 [INF] Tentativas Retry: 3
2025-07-22 08:43:19.054 -03:00 [INF] ===============================
2025-07-22 08:43:19.055 -03:00 [INF] Testando conexão VIDA API (modo mock)...
2025-07-22 08:43:19.083 -03:00 [INF] MOCK: API connection test successful
2025-07-22 08:43:19.085 -03:00 [INF] ✅ Teste de conexão VIDA API bem-sucedido
2025-07-22 08:43:19.088 -03:00 [INF] 🌐 Iniciando TCP Server na porta 8080 para HLAB...
2025-07-22 08:43:19.097 -03:00 [INF] Iniciando TCP Server na porta 8080...
2025-07-22 08:43:19.105 -03:00 [ERR] Erro ao iniciar TCP Server na porta 8080
System.Net.Sockets.SocketException (10013): Foi feita uma tentativa de acesso a um soquete de uma maneira que é proibida pelas permissões de acesso.
   at System.Net.Sockets.Socket.UpdateStatusAfterSocketErrorAndThrowException(SocketError error, Boolean disconnectOnFailure, String callerName)
   at System.Net.Sockets.Socket.DoBind(EndPoint endPointSnapshot, SocketAddress socketAddress)
   at System.Net.Sockets.Socket.Bind(EndPoint localEP)
   at System.Net.Sockets.TcpListener.Start(Int32 backlog)
   at PklBridge.Infrastructure.Serial.TcpServer.StartAsync(CancellationToken cancellationToken) in C:\Projetos\Andrey\Projetos\InterfacePKL\PklBridge.Infrastructure\Serial\TcpServer.cs:line 41
2025-07-22 08:43:19.129 -03:00 [ERR] ❌ Erro ao iniciar TCP Server
System.Net.Sockets.SocketException (10013): Foi feita uma tentativa de acesso a um soquete de uma maneira que é proibida pelas permissões de acesso.
   at System.Net.Sockets.Socket.UpdateStatusAfterSocketErrorAndThrowException(SocketError error, Boolean disconnectOnFailure, String callerName)
   at System.Net.Sockets.Socket.DoBind(EndPoint endPointSnapshot, SocketAddress socketAddress)
   at System.Net.Sockets.Socket.Bind(EndPoint localEP)
   at System.Net.Sockets.TcpListener.Start(Int32 backlog)
   at PklBridge.Infrastructure.Serial.TcpServer.StartAsync(CancellationToken cancellationToken) in C:\Projetos\Andrey\Projetos\InterfacePKL\PklBridge.Infrastructure\Serial\TcpServer.cs:line 41
   at PklBridge.ConsoleApp.ConsoleWorker.StartTcpServer(CancellationToken cancellationToken) in C:\Projetos\Andrey\Projetos\InterfacePKL\PklBridge.ConsoleApp\ConsoleWorker.cs:line 282
2025-07-22 08:43:19.140 -03:00 [INF] 🔍 Iniciando monitoramento paralelo da COM2 para detectar dados do HLAB...
2025-07-22 08:43:19.142 -03:00 [INF] 🔍 Iniciando monitoramento da porta COM2...
2025-07-22 08:43:19.148 -03:00 [INF] ✅ Monitoramento da porta COM2 iniciado com sucesso!
2025-07-22 08:43:19.149 -03:00 [INF] 📡 Aguardando dados na COM2 (19200, 8, N, 1)...
2025-07-22 08:43:19.152 -03:00 [INF] ✅ Monitoramento da COM2 iniciado - dados detectados serão alertados no console
2025-07-22 08:43:19.154 -03:00 [INF] PKL Bridge Console Worker executando...
2025-07-22 08:43:19.156 -03:00 [INF] Starting PKL Serial Bridge
2025-07-22 08:43:19.158 -03:00 [INF] Starting Named Pipe Server with pipe name: pkl_serial
2025-07-22 08:43:19.162 -03:00 [INF] Waiting for client connection on pipe: pkl_serial
2025-07-22 08:43:19.164 -03:00 [INF] Named Pipe Server started successfully
2025-07-22 08:43:19.165 -03:00 [INF] PKL Serial Bridge started successfully
2025-07-22 08:43:19.168 -03:00 [INF] 💚 Health Check - Bridge: Rodando, Memória: 1MB, Uptime: 0.0min
2025-07-22 08:43:19.174 -03:00 [INF] Application started. Press Ctrl+C to shut down.
2025-07-22 08:43:19.175 -03:00 [INF] Hosting environment: Production
2025-07-22 08:43:19.176 -03:00 [INF] Content root path: C:\Projetos\Andrey\Projetos\InterfacePKL\PklBridge.ConsoleApp
2025-07-22 08:59:39.671 -03:00 [INF] PKL Bridge Console Worker iniciando...
2025-07-22 08:59:39.701 -03:00 [INF] === Configuração PKL Bridge ===
2025-07-22 08:59:39.704 -03:00 [INF] Named Pipe: pkl_serial
2025-07-22 08:59:39.706 -03:00 [INF] COM Port Real: COM2
2025-07-22 08:59:39.707 -03:00 [INF] Bridge Hardware: Desabilitado
2025-07-22 08:59:39.708 -03:00 [INF] Log Todo Tráfego: Habilitado
2025-07-22 08:59:39.709 -03:00 [INF] Config Serial: 19200, 8, None, One
2025-07-22 08:59:39.713 -03:00 [INF] VIDA API: https://localhost:5000/api
2025-07-22 08:59:39.714 -03:00 [INF] API Timeout: 30s
2025-07-22 08:59:39.716 -03:00 [INF] Tentativas Retry: 3
2025-07-22 08:59:39.716 -03:00 [INF] ===============================
2025-07-22 08:59:39.718 -03:00 [INF] Testando conexão VIDA API (modo mock)...
2025-07-22 08:59:39.745 -03:00 [INF] MOCK: API connection test successful
2025-07-22 08:59:39.747 -03:00 [INF] ✅ Teste de conexão VIDA API bem-sucedido
2025-07-22 08:59:39.749 -03:00 [INF] 🌐 Iniciando TCP Server na porta 8080 para HLAB...
2025-07-22 08:59:39.752 -03:00 [INF] Iniciando TCP Server na porta 8080...
2025-07-22 08:59:39.758 -03:00 [ERR] Erro ao iniciar TCP Server na porta 8080
System.Net.Sockets.SocketException (10013): Foi feita uma tentativa de acesso a um soquete de uma maneira que é proibida pelas permissões de acesso.
   at System.Net.Sockets.Socket.UpdateStatusAfterSocketErrorAndThrowException(SocketError error, Boolean disconnectOnFailure, String callerName)
   at System.Net.Sockets.Socket.DoBind(EndPoint endPointSnapshot, SocketAddress socketAddress)
   at System.Net.Sockets.Socket.Bind(EndPoint localEP)
   at System.Net.Sockets.TcpListener.Start(Int32 backlog)
   at PklBridge.Infrastructure.Serial.TcpServer.StartAsync(CancellationToken cancellationToken) in C:\Projetos\Andrey\Projetos\InterfacePKL\PklBridge.Infrastructure\Serial\TcpServer.cs:line 41
2025-07-22 08:59:39.766 -03:00 [ERR] ❌ Erro ao iniciar TCP Server
System.Net.Sockets.SocketException (10013): Foi feita uma tentativa de acesso a um soquete de uma maneira que é proibida pelas permissões de acesso.
   at System.Net.Sockets.Socket.UpdateStatusAfterSocketErrorAndThrowException(SocketError error, Boolean disconnectOnFailure, String callerName)
   at System.Net.Sockets.Socket.DoBind(EndPoint endPointSnapshot, SocketAddress socketAddress)
   at System.Net.Sockets.Socket.Bind(EndPoint localEP)
   at System.Net.Sockets.TcpListener.Start(Int32 backlog)
   at PklBridge.Infrastructure.Serial.TcpServer.StartAsync(CancellationToken cancellationToken) in C:\Projetos\Andrey\Projetos\InterfacePKL\PklBridge.Infrastructure\Serial\TcpServer.cs:line 41
   at PklBridge.ConsoleApp.ConsoleWorker.StartTcpServer(CancellationToken cancellationToken) in C:\Projetos\Andrey\Projetos\InterfacePKL\PklBridge.ConsoleApp\ConsoleWorker.cs:line 282
2025-07-22 08:59:39.770 -03:00 [INF] 🔍 Iniciando monitoramento paralelo da COM2 para detectar dados do HLAB...
2025-07-22 08:59:39.772 -03:00 [INF] 🔍 Iniciando monitoramento da porta COM2...
2025-07-22 08:59:39.779 -03:00 [INF] ✅ Monitoramento da porta COM2 iniciado com sucesso!
2025-07-22 08:59:39.781 -03:00 [INF] 📡 Aguardando dados na COM2 (19200, 8, N, 1)...
2025-07-22 08:59:39.782 -03:00 [INF] ✅ Monitoramento da COM2 iniciado - dados detectados serão alertados no console
2025-07-22 08:59:39.785 -03:00 [INF] PKL Bridge Console Worker executando...
2025-07-22 08:59:39.787 -03:00 [INF] Starting PKL Serial Bridge
2025-07-22 08:59:39.788 -03:00 [INF] Starting Named Pipe Server with pipe name: pkl_serial
2025-07-22 08:59:39.793 -03:00 [INF] Waiting for client connection on pipe: pkl_serial
2025-07-22 08:59:39.795 -03:00 [INF] Named Pipe Server started successfully
2025-07-22 08:59:39.796 -03:00 [INF] PKL Serial Bridge started successfully
2025-07-22 08:59:39.800 -03:00 [INF] 💚 Health Check - Bridge: Rodando, Memória: 1MB, Uptime: 0.0min
2025-07-22 08:59:39.805 -03:00 [INF] Application started. Press Ctrl+C to shut down.
2025-07-22 08:59:39.807 -03:00 [INF] Hosting environment: Production
2025-07-22 08:59:39.808 -03:00 [INF] Content root path: C:\Projetos\Andrey\Projetos\InterfacePKL\PklBridge.ConsoleApp
2025-07-22 09:15:00.118 -03:00 [INF] PKL Bridge Console Worker iniciando...
2025-07-22 09:15:00.149 -03:00 [INF] === Configuração PKL Bridge ===
2025-07-22 09:15:00.152 -03:00 [INF] Named Pipe: pkl_serial
2025-07-22 09:15:00.154 -03:00 [INF] COM Port Real: COM2
2025-07-22 09:15:00.156 -03:00 [INF] Bridge Hardware: Desabilitado
2025-07-22 09:15:00.157 -03:00 [INF] Log Todo Tráfego: Habilitado
2025-07-22 09:15:00.159 -03:00 [INF] Config Serial: 19200, 8, None, One
2025-07-22 09:15:00.162 -03:00 [INF] VIDA API: https://localhost:5000/api
2025-07-22 09:15:00.163 -03:00 [INF] API Timeout: 30s
2025-07-22 09:15:00.164 -03:00 [INF] Tentativas Retry: 3
2025-07-22 09:15:00.165 -03:00 [INF] ===============================
2025-07-22 09:15:00.167 -03:00 [INF] Testando conexão VIDA API (modo mock)...
2025-07-22 09:15:00.196 -03:00 [INF] MOCK: API connection test successful
2025-07-22 09:15:00.198 -03:00 [INF] ✅ Teste de conexão VIDA API bem-sucedido
2025-07-22 09:15:00.200 -03:00 [INF] 🌐 Iniciando TCP Server na porta 8081 para HLAB...
2025-07-22 09:15:00.204 -03:00 [INF] Iniciando TCP Server na porta 8081...
2025-07-22 09:15:00.208 -03:00 [INF] ✅ TCP Server iniciado com sucesso na porta 8081
2025-07-22 09:15:00.211 -03:00 [INF] ✅ TCP Server iniciado com sucesso!
2025-07-22 09:15:00.213 -03:00 [INF] 🔍 Iniciando monitoramento paralelo da COM2 para detectar dados do HLAB...
2025-07-22 09:15:00.214 -03:00 [INF] 🔍 Iniciando monitoramento da porta COM2...
2025-07-22 09:15:00.220 -03:00 [INF] ✅ Monitoramento da porta COM2 iniciado com sucesso!
2025-07-22 09:15:00.221 -03:00 [INF] 📡 Aguardando dados na COM2 (19200, 8, N, 1)...
2025-07-22 09:15:00.222 -03:00 [INF] ✅ Monitoramento da COM2 iniciado - dados detectados serão alertados no console
2025-07-22 09:15:00.224 -03:00 [INF] PKL Bridge Console Worker executando...
2025-07-22 09:15:00.226 -03:00 [INF] Starting PKL Serial Bridge
2025-07-22 09:15:00.227 -03:00 [INF] Starting Named Pipe Server with pipe name: pkl_serial
2025-07-22 09:15:00.231 -03:00 [INF] Waiting for client connection on pipe: pkl_serial
2025-07-22 09:15:00.233 -03:00 [INF] Named Pipe Server started successfully
2025-07-22 09:15:00.234 -03:00 [INF] PKL Serial Bridge started successfully
2025-07-22 09:15:00.238 -03:00 [INF] 💚 Health Check - Bridge: Rodando, Memória: 1MB, Uptime: 0.0min
2025-07-22 09:15:00.244 -03:00 [INF] Application started. Press Ctrl+C to shut down.
2025-07-22 09:15:00.245 -03:00 [INF] Hosting environment: Production
2025-07-22 09:15:00.246 -03:00 [INF] Content root path: C:\Projetos\Andrey\Projetos\InterfacePKL\PklBridge.ConsoleApp
2025-07-22 09:23:09.280 -03:00 [INF] PKL Bridge Console Worker iniciando...
2025-07-22 09:23:09.312 -03:00 [INF] === Configuração PKL Bridge ===
2025-07-22 09:23:09.315 -03:00 [INF] Named Pipe: pkl_serial
2025-07-22 09:23:09.318 -03:00 [INF] COM Port Real: COM2
2025-07-22 09:23:09.319 -03:00 [INF] Bridge Hardware: Desabilitado
2025-07-22 09:23:09.320 -03:00 [INF] Log Todo Tráfego: Habilitado
2025-07-22 09:23:09.321 -03:00 [INF] Config Serial: 19200, 8, None, One
2025-07-22 09:23:09.325 -03:00 [INF] VIDA API: https://localhost:5000/api
2025-07-22 09:23:09.326 -03:00 [INF] API Timeout: 30s
2025-07-22 09:23:09.327 -03:00 [INF] Tentativas Retry: 3
2025-07-22 09:23:09.328 -03:00 [INF] ===============================
2025-07-22 09:23:09.330 -03:00 [INF] Testando conexão VIDA API (modo mock)...
2025-07-22 09:23:09.359 -03:00 [INF] MOCK: API connection test successful
2025-07-22 09:23:09.360 -03:00 [INF] ✅ Teste de conexão VIDA API bem-sucedido
2025-07-22 09:23:09.362 -03:00 [INF] 🌐 Iniciando TCP Server na porta 8081 para HLAB...
2025-07-22 09:23:09.366 -03:00 [INF] Iniciando TCP Server na porta 8081...
2025-07-22 09:23:09.372 -03:00 [INF] ✅ TCP Server iniciado com sucesso na porta 8081
2025-07-22 09:23:09.374 -03:00 [INF] ✅ TCP Server iniciado com sucesso!
2025-07-22 09:23:09.376 -03:00 [INF] 🔍 Iniciando monitoramento paralelo da COM2 para detectar dados do HLAB...
2025-07-22 09:23:09.378 -03:00 [INF] 🔍 Iniciando monitoramento da porta COM2...
2025-07-22 09:23:09.384 -03:00 [INF] ✅ Monitoramento da porta COM2 iniciado com sucesso!
2025-07-22 09:23:09.386 -03:00 [INF] 📡 Aguardando dados na COM2 (19200, 8, N, 1)...
2025-07-22 09:23:09.387 -03:00 [INF] ✅ Monitoramento da COM2 iniciado - dados detectados serão alertados no console
2025-07-22 09:23:09.390 -03:00 [INF] PKL Bridge Console Worker executando...
2025-07-22 09:23:09.392 -03:00 [INF] Starting PKL Serial Bridge
2025-07-22 09:23:09.393 -03:00 [INF] Starting Named Pipe Server with pipe name: pkl_serial
2025-07-22 09:23:09.398 -03:00 [INF] Waiting for client connection on pipe: pkl_serial
2025-07-22 09:23:09.401 -03:00 [INF] Named Pipe Server started successfully
2025-07-22 09:23:09.402 -03:00 [INF] PKL Serial Bridge started successfully
2025-07-22 09:23:09.406 -03:00 [INF] 💚 Health Check - Bridge: Rodando, Memória: 1MB, Uptime: 0.0min
2025-07-22 09:23:09.413 -03:00 [INF] Application started. Press Ctrl+C to shut down.
2025-07-22 09:23:09.415 -03:00 [INF] Hosting environment: Production
2025-07-22 09:23:09.416 -03:00 [INF] Content root path: C:\Projetos\Andrey\Projetos\InterfacePKL\PklBridge.ConsoleApp
2025-07-22 09:31:05.518 -03:00 [INF] PKL Bridge Console Worker iniciando...
2025-07-22 09:31:05.552 -03:00 [INF] === Configuração PKL Bridge ===
2025-07-22 09:31:05.555 -03:00 [INF] Named Pipe: pkl_serial
2025-07-22 09:31:05.556 -03:00 [INF] COM Port Real: COM2
2025-07-22 09:31:05.558 -03:00 [INF] Bridge Hardware: Desabilitado
2025-07-22 09:31:05.560 -03:00 [INF] Log Todo Tráfego: Habilitado
2025-07-22 09:31:05.561 -03:00 [INF] Config Serial: 19200, 8, None, One
2025-07-22 09:31:05.564 -03:00 [INF] VIDA API: https://localhost:5000/api
2025-07-22 09:31:05.565 -03:00 [INF] API Timeout: 30s
2025-07-22 09:31:05.567 -03:00 [INF] Tentativas Retry: 3
2025-07-22 09:31:05.568 -03:00 [INF] ===============================
2025-07-22 09:31:05.569 -03:00 [INF] Testando conexão VIDA API (modo mock)...
2025-07-22 09:31:05.598 -03:00 [INF] MOCK: API connection test successful
2025-07-22 09:31:05.600 -03:00 [INF] ✅ Teste de conexão VIDA API bem-sucedido
2025-07-22 09:31:05.602 -03:00 [INF] 🌐 Iniciando TCP Server na porta 8081 para HLAB...
2025-07-22 09:31:05.604 -03:00 [INF] Iniciando TCP Server na porta 8081...
2025-07-22 09:31:05.609 -03:00 [INF] ✅ TCP Server iniciado com sucesso na porta 8081
2025-07-22 09:31:05.611 -03:00 [INF] ✅ TCP Server iniciado com sucesso!
2025-07-22 09:31:05.613 -03:00 [INF] 🔍 Iniciando monitoramento paralelo da COM2 para detectar dados do HLAB...
2025-07-22 09:31:05.615 -03:00 [INF] 🔍 Iniciando monitoramento da porta COM2...
2025-07-22 09:31:05.620 -03:00 [INF] ✅ Monitoramento da porta COM2 iniciado com sucesso!
2025-07-22 09:31:05.622 -03:00 [INF] 📡 Aguardando dados na COM2 (19200, 8, N, 1)...
2025-07-22 09:31:05.623 -03:00 [INF] ✅ Monitoramento da COM2 iniciado - dados detectados serão alertados no console
2025-07-22 09:31:05.625 -03:00 [INF] PKL Bridge Console Worker executando...
2025-07-22 09:31:05.627 -03:00 [INF] Starting PKL Serial Bridge
2025-07-22 09:31:05.628 -03:00 [INF] Starting Named Pipe Server with pipe name: pkl_serial
2025-07-22 09:31:05.633 -03:00 [INF] Waiting for client connection on pipe: pkl_serial
2025-07-22 09:31:05.635 -03:00 [INF] Named Pipe Server started successfully
2025-07-22 09:31:05.636 -03:00 [INF] PKL Serial Bridge started successfully
2025-07-22 09:31:05.640 -03:00 [INF] 💚 Health Check - Bridge: Rodando, Memória: 1MB, Uptime: 0.0min
2025-07-22 09:31:05.645 -03:00 [INF] Application started. Press Ctrl+C to shut down.
2025-07-22 09:31:05.646 -03:00 [INF] Hosting environment: Production
2025-07-22 09:31:05.647 -03:00 [INF] Content root path: C:\Projetos\Andrey\Projetos\InterfacePKL\PklBridge.ConsoleApp
