2026-01-23 06:32:32.768 -03:00 [INF] HTTP client configured for VIDA API: https://apoio.internal.vidaexame.com
2026-01-23 06:32:32.806 -03:00 [INF] HTTP client configured for VIDA API: https://apoio.internal.vidaexame.com
2026-01-23 06:32:32.808 -03:00 [INF] HTTP client configured for VIDA API: https://apoio.internal.vidaexame.com
2026-01-23 06:32:32.814 -03:00 [INF] HTTP client configured for VIDA API: https://apoio.internal.vidaexame.com
2026-01-23 06:32:32.816 -03:00 [INF] HTTP client configured for VIDA API: https://apoio.internal.vidaexame.com
2026-01-23 06:32:32.817 -03:00 [INF] HTTP client configured for VIDA API: https://apoio.internal.vidaexame.com
2026-01-23 06:32:32.823 -03:00 [INF] PKL Bridge Console Worker iniciando...
2026-01-23 06:32:32.835 -03:00 [INF] === Configuração PKL Bridge ===
2026-01-23 06:32:32.837 -03:00 [INF] Named Pipe: pkl_serial
2026-01-23 06:32:32.839 -03:00 [INF] COM Port Real: COM2
2026-01-23 06:32:32.840 -03:00 [INF] Bridge Hardware: Desabilitado
2026-01-23 06:32:32.841 -03:00 [INF] Log Todo Tráfego: Habilitado
2026-01-23 06:32:32.842 -03:00 [INF] Config Serial: 19200, 8, None, One
2026-01-23 06:32:32.846 -03:00 [INF] VIDA API: https://apoio.internal.vidaexame.com
2026-01-23 06:32:32.848 -03:00 [INF] API Timeout: 30s
2026-01-23 06:32:32.850 -03:00 [INF] Tentativas Retry: 3
2026-01-23 06:32:32.851 -03:00 [INF] ===============================
2026-01-23 06:32:32.852 -03:00 [INF] Testando conexão VIDA API (modo mock)...
2026-01-23 06:32:32.854 -03:00 [DBG] Testing connection to VIDA API
2026-01-23 06:32:33.076 -03:00 [WRN] VIDA API connection test failed with status "NotFound"
2026-01-23 06:32:33.081 -03:00 [WRN] ⚠️ Teste de conexão VIDA API falhou: Connection test failed: NotFound
2026-01-23 06:32:33.082 -03:00 [INF] 🌐 Iniciando TCP Server na porta 8081 para HLAB...
2026-01-23 06:32:33.084 -03:00 [INF] Iniciando TCP Server na porta 8081...
2026-01-23 06:32:33.086 -03:00 [INF] ✅ TCP Server iniciado com sucesso na porta 8081
2026-01-23 06:32:33.088 -03:00 [INF] ✅ TCP Server iniciado com sucesso!
2026-01-23 06:32:33.090 -03:00 [INF] 🔍 Iniciando monitoramento paralelo da COM2 para detectar dados do HLAB...
2026-01-23 06:32:33.243 -03:00 [INF] 🔍 Iniciando monitoramento da porta COM2...
2026-01-23 06:32:33.254 -03:00 [INF] ✅ Monitoramento da porta COM2 iniciado com sucesso!
2026-01-23 06:32:33.256 -03:00 [INF] 📡 Aguardando dados na COM2 (19200, 8, N, 1)...
2026-01-23 06:32:33.258 -03:00 [INF] ✅ Monitoramento da COM2 iniciado - dados detectados serão alertados no console
2026-01-23 06:32:33.261 -03:00 [INF] PKL Bridge Console Worker executando...
2026-01-23 06:32:33.264 -03:00 [INF] Starting PKL Serial Bridge
2026-01-23 06:32:33.266 -03:00 [INF] Starting Named Pipe Server with pipe name: pkl_serial
2026-01-23 06:32:33.271 -03:00 [DBG] Creating new named pipe server instance
2026-01-23 06:32:33.276 -03:00 [INF] Waiting for client connection on pipe: pkl_serial
2026-01-23 06:32:33.278 -03:00 [INF] Named Pipe Server started successfully
2026-01-23 06:32:33.280 -03:00 [INF] PKL Serial Bridge started successfully
2026-01-23 06:32:33.291 -03:00 [INF] 💚 Health Check - Bridge: Rodando, Memória: 1MB, Uptime: 0.0min
2026-01-23 06:32:33.300 -03:00 [INF] Application started. Press Ctrl+C to shut down.
2026-01-23 06:32:33.301 -03:00 [INF] Hosting environment: Production
2026-01-23 06:32:33.302 -03:00 [INF] Content root path: E:\Projetos\Andrey\Projetos\InterfacePKL\PklBridge.ConsoleApp
2026-01-23 06:32:46.376 -03:00 [INF] Application is shutting down...
2026-01-23 06:32:46.379 -03:00 [INF] PKL Bridge Console Worker parando...
2026-01-23 06:32:46.381 -03:00 [INF] Stopping PKL Serial Bridge
2026-01-23 06:32:46.382 -03:00 [INF] Stopping Named Pipe Server
2026-01-23 06:32:46.388 -03:00 [INF] Named pipe server operation cancelled
2026-01-23 06:32:46.389 -03:00 [INF] Named Pipe Server stopped
2026-01-23 06:32:46.391 -03:00 [WRN] Serial port is not initialized
2026-01-23 06:32:46.392 -03:00 [INF] PKL Serial Bridge stopped successfully
2026-01-23 06:32:46.394 -03:00 [INF] PKL Bridge Console Worker cancelado
2026-01-23 06:32:46.396 -03:00 [INF] PKL Bridge Console Worker parou
